/n/netscratch/schwartz_lab/Everyone/obarrera/cft_bootstrap/cft_bootstrap/polynomial_bootstrap.py:49: UserWarning: symengine not available, using mpmath fallback (slower)
  warnings.warn("symengine not available, using mpmath fallback (slower)")
Traceback (most recent call last):
  File "/n/netscratch/schwartz_lab/Everyone/obarrera/cft_bootstrap/cft_bootstrap/sdpb_interface.py", line 101, in <module>
    from .pycftboot_bridge import (
ImportError: attempted relative import with no known parent package

During handling of the above exception, another exception occurred:

Traceback (most recent call last):
  File "/n/netscratch/schwartz_lab/Everyone/obarrera/cft_bootstrap/cft_bootstrap/pycftboot_bridge.py", line 47, in <module>
    from symengine.lib.symengine_wrapper import *
ModuleNotFoundError: No module named 'symengine'
/n/netscratch/schwartz_lab/Everyone/obarrera/cft_bootstrap/cft_bootstrap/pycftboot_bridge.py:210: UserWarning: Error loading pycftboot: No module named 'symengine'
  warnings.warn(f"Error loading pycftboot: {e}")
Traceback (most recent call last):
  File "/n/netscratch/schwartz_lab/Everyone/obarrera/cft_bootstrap/cft_bootstrap/run_bootstrap.py", line 1044, in <module>
    main()
  File "/n/netscratch/schwartz_lab/Everyone/obarrera/cft_bootstrap/cft_bootstrap/run_bootstrap.py", line 1019, in main
    run_gap_bound(
  File "/n/netscratch/schwartz_lab/Everyone/obarrera/cft_bootstrap/cft_bootstrap/run_bootstrap.py", line 273, in run_gap_bound
    bound = solver.find_bound(
  File "/n/netscratch/schwartz_lab/Everyone/obarrera/cft_bootstrap/cft_bootstrap/sdpb_interface.py", line 1343, in find_bound
    excluded, _ = self.is_excluded_sdpb(
  File "/n/netscratch/schwartz_lab/Everyone/obarrera/cft_bootstrap/cft_bootstrap/sdpb_interface.py", line 1251, in is_excluded_sdpb
    raise RuntimeError(f"pmp2sdp failed: {result.stderr}")
RuntimeError: pmp2sdp failed: Error: in read() at ../src/pmp_read/PMP_File_Parse_Result.cxx:56: 
  Error when parsing "/tmp/sdpb_m251gbqv/pmp.json": in parse_json() at ../src/sdpb_util/json/parse_json.hxx:24: 
  Failed to parse "/tmp/sdpb_m251gbqv/pmp.json": offset=800: in json_start_array() at ../src/sdpb_util/json/Abstract_Json_Reader_Handler.hxx:79: 
  Not implemented: function 'bool json_start_array()' in class: '17Json_Float_ParserIN2El8BigFloatEE'
Stacktrace:
 0# 0x00005575D9235327 in /usr/local/bin/pmp2sdp
 1# 0x00005575D92867E0 in /usr/local/bin/pmp2sdp
 2# 0x00005575D928B8EC in /usr/local/bin/pmp2sdp
 3# 0x00005575D928B924 in /usr/local/bin/pmp2sdp
 4# 0x00005575D928B924 in /usr/local/bin/pmp2sdp
 5# 0x00005575D928B924 in /usr/local/bin/pmp2sdp
 6# 0x00005575D928B924 in /usr/local/bin/pmp2sdp
 7# 0x00005575D928AC2E in /usr/local/bin/pmp2sdp
 8# 0x00005575D928B924 in /usr/local/bin/pmp2sdp
 9# 0x00005575D928AC2E in /usr/local/bin/pmp2sdp
10# 0x00005575D928B315 in /usr/local/bin/pmp2sdp
11# 0x00005575D927C6DE in /usr/local/bin/pmp2sdp
12# 0x00005575D9275075 in /usr/local/bin/pmp2sdp
13# 0x00005575D92686C1 in /usr/local/bin/pmp2sdp
14# 0x00005575D926A26B in /usr/local/bin/pmp2sdp
15# 0x00005575D924D3D1 in /usr/local/bin/pmp2sdp
16# 0x000014A4323456D1 in /lib/ld-musl-x86_64.so.1

Stacktrace:
 0# 0x00005575D928B6CD in /usr/local/bin/pmp2sdp
 1# 0x00005575D927C6DE in /usr/local/bin/pmp2sdp
 2# 0x00005575D9275075 in /usr/local/bin/pmp2sdp
 3# 0x00005575D92686C1 in /usr/local/bin/pmp2sdp
 4# 0x00005575D926A26B in /usr/local/bin/pmp2sdp
 5# 0x00005575D924D3D1 in /usr/local/bin/pmp2sdp
 6# 0x000014A4323456D1 in /lib/ld-musl-x86_64.so.1

Stacktrace:
 0# 0x00005575D92336BF in /usr/local/bin/pmp2sdp
 1# 0x00005575D92686C1 in /usr/local/bin/pmp2sdp
 2# 0x00005575D926A26B in /usr/local/bin/pmp2sdp
 3# 0x00005575D924D3D1 in /usr/local/bin/pmp2sdp
 4# 0x000014A4323456D1 in /lib/ld-musl-x86_64.so.1

--------------------------------------------------------------------------
MPI_ABORT was invoked on rank 0 in communicator MPI_COMM_WORLD
with errorcode 1.

NOTE: invoking MPI_ABORT causes Open MPI to kill all MPI processes.
You may or may not see output from other processes, depending on
exactly when Open MPI kills them.
--------------------------------------------------------------------------

